Device: cuda | stream: dinov2 | backbone: vit_small_patch14_dinov2.lvd142m
.\.venv\Scripts\python.exe : Warning: You are sending unauthenticated requests to the HF Hub. Please set a HF_TOKEN to enable higher rate limits 
and faster downloads.
At line:1 char:416
+ ... lyContinue; .\.venv\Scripts\python.exe -u -m training.train_visual_st ...
+                 ~~~~~~~~~~~~~~~~~~~~~~~~~~~~~~~~~~~~~~~~~~~~~~~~~~~~~~~~~
    + CategoryInfo          : NotSpecified: (Warning: You ar...ster downloads.:String) [], RemoteException
    + FullyQualifiedErrorId : NativeCommandError
 
Train class counts (visual labels): real=373, fake=1027

Epoch 1/8 (FROZEN backbone)
  batch 20: loss=1.8395
  batch 40: loss=1.5704
  batch 60: loss=1.3168
  batch 80: loss=1.1636
  batch 100: loss=1.0655
  batch 120: loss=0.9907
  batch 140: loss=0.9348
  batch 160: loss=0.8896
  batch 180: loss=0.8560
  batch 200: loss=0.8520
  batch 220: loss=0.8448
  batch 240: loss=0.8355
  batch 260: loss=0.8182
  batch 280: loss=0.8026
  batch 300: loss=0.7803
  batch 320: loss=0.7679
  batch 340: loss=0.7492
  batch 360: loss=0.7386
  batch 380: loss=0.7236
  batch 400: loss=0.7091
  batch 420: loss=0.7064
  batch 440: loss=0.6891
  batch 460: loss=0.6806
  batch 480: loss=0.6690
  batch 500: loss=0.6697
  batch 520: loss=0.6656
  batch 540: loss=0.6558
  batch 560: loss=0.6477
  batch 580: loss=0.6375
  batch 600: loss=0.6295
  batch 620: loss=0.6284
  batch 640: loss=0.6260
  batch 660: loss=0.6177
  batch 680: loss=0.6107
  batch 700: loss=0.6039
  train_loss=0.6039
  val: acc=0.657 auc=0.871 eer=0.207 logloss=0.590 P=0.912 R=0.577 F1=0.707
           pred_real pred_fake
true_real         73        12
true_fake         91       124
  saved new best (AUC=0.8709, logloss=0.590) -> D:\Projects\deepfake-detection\models\streams\dinov2\best.pt

Epoch 2/8 (FROZEN backbone)
  batch 20: loss=0.3670
  batch 40: loss=0.3741
  batch 60: loss=0.3212
  batch 80: loss=0.3533
  batch 100: loss=0.4014
  batch 120: loss=0.3811
  batch 140: loss=0.3706
  batch 160: loss=0.3686
  batch 180: loss=0.3833
  batch 200: loss=0.3956
  batch 220: loss=0.4089
  batch 240: loss=0.4242
  batch 260: loss=0.4300
  batch 280: loss=0.4280
  batch 300: loss=0.4387
  batch 320: loss=0.4336
  batch 340: loss=0.4328
  batch 360: loss=0.4297
  batch 380: loss=0.4289
  batch 400: loss=0.4202
  batch 420: loss=0.4132
  batch 440: loss=0.4123
  batch 460: loss=0.4172
  batch 480: loss=0.4222
  batch 500: loss=0.4365
  batch 520: loss=0.4332
  batch 540: loss=0.4463
  batch 560: loss=0.4523
  batch 580: loss=0.4519
  batch 600: loss=0.4584
  batch 620: loss=0.4585
  batch 640: loss=0.4587
  batch 660: loss=0.4582
  batch 680: loss=0.4552
  batch 700: loss=0.4512
  train_loss=0.4512
  val: acc=0.860 auc=0.917 eer=0.151 logloss=0.351 P=0.914 R=0.888 F1=0.901
           pred_real pred_fake
true_real         67        18
true_fake         24       191
  saved new best (AUC=0.9167, logloss=0.351) -> D:\Projects\deepfake-detection\models\streams\dinov2\best.pt

Epoch 3/8 (fine-tuning end-to-end)
  batch 20: loss=0.8593
  batch 40: loss=0.7424
  batch 60: loss=1.0185
  batch 80: loss=0.9436
  batch 100: loss=0.8164
  batch 120: loss=0.7091
  batch 140: loss=0.6402
  batch 160: loss=0.5690
  batch 180: loss=0.5343
  batch 200: loss=0.4887
  batch 220: loss=0.4481
  batch 240: loss=0.4179
  batch 260: loss=0.3960
  batch 280: loss=0.3792
  batch 300: loss=0.3739
  batch 320: loss=0.3508
  batch 340: loss=0.3345
  batch 360: loss=0.3162
  batch 380: loss=0.3312
  batch 400: loss=0.3147
  batch 420: loss=0.3424
  batch 440: loss=0.3466
  batch 460: loss=0.3316
  batch 480: loss=0.3238
  batch 500: loss=0.3109
  batch 520: loss=0.2990
  batch 540: loss=0.2879
  batch 560: loss=0.2777
  batch 580: loss=0.2682
  batch 600: loss=0.2592
  batch 620: loss=0.2509
  batch 640: loss=0.2431
  batch 660: loss=0.2358
  batch 680: loss=0.2344
  batch 700: loss=0.2374
  train_loss=0.2374
  val: acc=0.997 auc=1.000 eer=0.002 logloss=0.024 P=1.000 R=0.995 F1=0.998
           pred_real pred_fake
true_real         85         0
true_fake          1       214
  saved new best (AUC=0.9999, logloss=0.024) -> D:\Projects\deepfake-detection\models\streams\dinov2\best.pt

Epoch 4/8 (fine-tuning end-to-end)
  batch 20: loss=0.0458
  batch 40: loss=0.1083
  batch 60: loss=0.0725
  batch 80: loss=0.0545
  batch 100: loss=0.0738
  batch 120: loss=0.0616
  batch 140: loss=0.0922
  batch 160: loss=0.1047
  batch 180: loss=0.0936
  batch 200: loss=0.0997
  batch 220: loss=0.1444
  batch 240: loss=0.1326
  batch 260: loss=0.1224
  batch 280: loss=0.1137
  batch 300: loss=0.1062
  batch 320: loss=0.0996
  batch 340: loss=0.0938
  batch 360: loss=0.0886
  batch 380: loss=0.0839
  batch 400: loss=0.0798
  batch 420: loss=0.0796
  batch 440: loss=0.0760
  batch 460: loss=0.0727
  batch 480: loss=0.0697
  batch 500: loss=0.0669
  batch 520: loss=0.0644
  batch 540: loss=0.0639
  batch 560: loss=0.0616
  batch 580: loss=0.0595
  batch 600: loss=0.0576
  batch 620: loss=0.0602
  batch 640: loss=0.0584
  batch 660: loss=0.0604
  batch 680: loss=0.0696
  batch 700: loss=0.0712
  train_loss=0.0712
  val: acc=0.997 auc=1.000 eer=0.000 logloss=0.012 P=1.000 R=0.995 F1=0.998
           pred_real pred_fake
true_real         85         0
true_fake          1       214
  saved new best (better calibrated at tied AUC, logloss=0.012) -> D:\Projects\deepfake-detection\models\streams\dinov2\best.pt

Epoch 5/8 (fine-tuning end-to-end)
  batch 20: loss=0.0003
  batch 40: loss=0.0003
  batch 60: loss=0.0003
  batch 80: loss=0.0519
  batch 100: loss=0.0569
  batch 120: loss=0.0800
  batch 140: loss=0.0686
  batch 160: loss=0.1038
  batch 180: loss=0.0935
  batch 200: loss=0.0842
  batch 220: loss=0.0766
  batch 240: loss=0.0702
  batch 260: loss=0.0648
  batch 280: loss=0.0602
  batch 300: loss=0.0562
  batch 320: loss=0.0527
  batch 340: loss=0.0496
  batch 360: loss=0.0469
  batch 380: loss=0.0466
  batch 400: loss=0.0443
  batch 420: loss=0.0512
  batch 440: loss=0.0637
  batch 460: loss=0.0610
  batch 480: loss=0.0587
  batch 500: loss=0.0564
  batch 520: loss=0.0548
  batch 540: loss=0.0528
  batch 560: loss=0.0509
  batch 580: loss=0.0492
  batch 600: loss=0.0475
  batch 620: loss=0.0460
  batch 640: loss=0.0446
  batch 660: loss=0.0432
  batch 680: loss=0.0420
  batch 700: loss=0.0408
  train_loss=0.0408
  val: acc=1.000 auc=1.000 eer=0.000 logloss=0.000 P=1.000 R=1.000 F1=1.000
           pred_real pred_fake
true_real         85         0
true_fake          0       215
  saved new best (better calibrated at tied AUC, logloss=0.000) -> D:\Projects\deepfake-detection\models\streams\dinov2\best.pt

Epoch 6/8 (fine-tuning end-to-end)
  batch 20: loss=0.0002
  batch 40: loss=0.0002
  batch 60: loss=0.0002
  batch 80: loss=0.0002
  batch 100: loss=0.0002
  batch 120: loss=0.0002
  batch 140: loss=0.0002
  batch 160: loss=0.0002
  batch 180: loss=0.0002
  batch 200: loss=0.0002
  batch 220: loss=0.0002
  batch 240: loss=0.0002
  batch 260: loss=0.0002
  batch 280: loss=0.0002
  batch 300: loss=0.0002
  batch 320: loss=0.0002
  batch 340: loss=0.0002
  batch 360: loss=0.0113
  batch 380: loss=0.0108
  batch 400: loss=0.0103
  batch 420: loss=0.0098
  batch 440: loss=0.0180
  batch 460: loss=0.0172
  batch 480: loss=0.0165
  batch 500: loss=0.0159
  batch 520: loss=0.0305
  batch 540: loss=0.0331
  batch 560: loss=0.0612
  batch 580: loss=0.0591
  batch 600: loss=0.0629
  batch 620: loss=0.0608
  batch 640: loss=0.0590
  batch 660: loss=0.0572
  batch 680: loss=0.0555
  batch 700: loss=0.0539
  train_loss=0.0539
  val: acc=1.000 auc=1.000 eer=0.000 logloss=0.000 P=1.000 R=1.000 F1=1.000
           pred_real pred_fake
true_real         85         0
true_fake          0       215
  saved new best (better calibrated at tied AUC, logloss=0.000) -> D:\Projects\deepfake-detection\models\streams\dinov2\best.pt

Epoch 7/8 (fine-tuning end-to-end)
  batch 20: loss=0.0001
  batch 40: loss=0.0001
  batch 60: loss=0.0019
  batch 80: loss=0.0014
  batch 100: loss=0.0012
  batch 120: loss=0.0010
  batch 140: loss=0.0296
  batch 160: loss=0.0260
  batch 180: loss=0.0382
  batch 200: loss=0.0344
  batch 220: loss=0.0313
  batch 240: loss=0.0307
  batch 260: loss=0.0284
  batch 280: loss=0.0264
  batch 300: loss=0.0247
  batch 320: loss=0.0231
  batch 340: loss=0.0580
  batch 360: loss=0.0548
  batch 380: loss=0.0689
  batch 400: loss=0.0804
  batch 420: loss=0.0765
  batch 440: loss=0.0731
  batch 460: loss=0.0760
  batch 480: loss=0.0728
  batch 500: loss=0.0699
  batch 520: loss=0.0674
  batch 540: loss=0.0649
  batch 560: loss=0.0630
  batch 580: loss=0.0608
  batch 600: loss=0.0588
  batch 620: loss=0.0569
  batch 640: loss=0.0551
  batch 660: loss=0.0535
  batch 680: loss=0.0519
  batch 700: loss=0.0513
  train_loss=0.0513
  val: acc=0.993 auc=1.000 eer=0.000 logloss=0.017 P=1.000 R=0.991 F1=0.995
           pred_real pred_fake
true_real         85         0
true_fake          2       213

Epoch 8/8 (fine-tuning end-to-end)
  batch 20: loss=0.0003
  batch 40: loss=0.0002
  batch 60: loss=0.0773
  batch 80: loss=0.0580
  batch 100: loss=0.0464
  batch 120: loss=0.0387
  batch 140: loss=0.0332
  batch 160: loss=0.0291
  batch 180: loss=0.0259
  batch 200: loss=0.0233
  batch 220: loss=0.0212
  batch 240: loss=0.0194
  batch 260: loss=0.0179
  batch 280: loss=0.0167
  batch 300: loss=0.0156
  batch 320: loss=0.0146
  batch 340: loss=0.0138
  batch 360: loss=0.0130
  batch 380: loss=0.0123
  batch 400: loss=0.0117
  batch 420: loss=0.0112
  batch 440: loss=0.0107
  batch 460: loss=0.0102
  batch 480: loss=0.0098
  batch 500: loss=0.0098
  batch 520: loss=0.0094
  batch 540: loss=0.0241
  batch 560: loss=0.0233
  batch 580: loss=0.0225
  batch 600: loss=0.0217
  batch 620: loss=0.0210
  batch 640: loss=0.0204
  batch 660: loss=0.0198
  batch 680: loss=0.0192
  batch 700: loss=0.0187
  train_loss=0.0187
  val: acc=1.000 auc=1.000 eer=0.000 logloss=0.000 P=1.000 R=1.000 F1=1.000
           pred_real pred_fake
true_real         85         0
true_fake          0       215
  saved new best (better calibrated at tied AUC, logloss=0.000) -> D:\Projects\deepfake-detection\models\streams\dinov2\best.pt

Done. Best val AUC: 1.000 (logloss 0.000)
