=== START xception Sun, Aug  2, 2026  3:45:42 PM ===
Device: cuda | stream: xception | backbone: legacy_xception
Train class counts (visual labels): real=373, fake=1027

Epoch 1/8 (FROZEN backbone)
  batch 20: loss=1.1892
  batch 40: loss=1.3280
  batch 60: loss=1.1497
  batch 80: loss=1.0443
  batch 100: loss=1.0066
  batch 120: loss=0.9384
  batch 140: loss=0.9069
  batch 160: loss=0.8765
  batch 180: loss=0.8497
  batch 200: loss=0.8296
  batch 220: loss=0.8114
  batch 240: loss=0.7949
  batch 260: loss=0.7768
  batch 280: loss=0.7640
  batch 300: loss=0.7533
  batch 320: loss=0.7381
  batch 340: loss=0.7296
  batch 360: loss=0.7348
  batch 380: loss=0.7269
  batch 400: loss=0.7267
  batch 420: loss=0.7210
  batch 440: loss=0.7183
  batch 460: loss=0.7104
  batch 480: loss=0.7049
  batch 500: loss=0.7126
  batch 520: loss=0.7038
  batch 540: loss=0.7087
  batch 560: loss=0.7012
  batch 580: loss=0.6968
  batch 600: loss=0.6869
  batch 620: loss=0.6807
  batch 640: loss=0.6761
  batch 660: loss=0.6685
  batch 680: loss=0.6623
  batch 700: loss=0.6591
  train_loss=0.6591
  val: acc=0.610 auc=0.805 eer=0.266 logloss=0.764 P=0.902 R=0.512 F1=0.653
           pred_real pred_fake
true_real         73        12
true_fake        105       110
  saved new best (AUC=0.8053, logloss=0.764) -> D:\Projects\deepfake-detection\models\streams\xception\best.pt

Epoch 2/8 (FROZEN backbone)
  batch 20: loss=0.7235
  batch 40: loss=0.6266
  batch 60: loss=0.5914
  batch 80: loss=0.5472
  batch 100: loss=0.5352
  batch 120: loss=0.5352
  batch 140: loss=0.5315
  batch 160: loss=0.5341
  batch 180: loss=0.5530
  batch 200: loss=0.5375
  batch 220: loss=0.5375
  batch 240: loss=0.5285
  batch 260: loss=0.5204
  batch 280: loss=0.5222
  batch 300: loss=0.5240
  batch 320: loss=0.5324
  batch 340: loss=0.5390
  batch 360: loss=0.5498
  batch 380: loss=0.5492
  batch 400: loss=0.5577
  batch 420: loss=0.5543
  batch 440: loss=0.5616
  batch 460: loss=0.5690
  batch 480: loss=0.5682
  batch 500: loss=0.5750
  batch 520: loss=0.5699
  batch 540: loss=0.5664
  batch 560: loss=0.5654
  batch 580: loss=0.5573
  batch 600: loss=0.5486
  batch 620: loss=0.5464
  batch 640: loss=0.5431
  batch 660: loss=0.5390
  batch 680: loss=0.5356
  batch 700: loss=0.5301
  train_loss=0.5301
  val: acc=0.713 auc=0.856 eer=0.247 logloss=0.593 P=0.911 R=0.665 F1=0.769
           pred_real pred_fake
true_real         71        14
true_fake         72       143
  saved new best (AUC=0.8562, logloss=0.593) -> D:\Projects\deepfake-detection\models\streams\xception\best.pt

Epoch 3/8 (fine-tuning end-to-end)
  batch 20: loss=0.4899
  batch 40: loss=0.4926
  batch 60: loss=0.4676
  batch 80: loss=0.4181
  batch 100: loss=0.4270
  batch 120: loss=0.4179
  batch 140: loss=0.4187
  batch 160: loss=0.4266
  batch 180: loss=0.4131
  batch 200: loss=0.4134
  batch 220: loss=0.4121
  batch 240: loss=0.4097
  batch 260: loss=0.4087
  batch 280: loss=0.4214
  batch 300: loss=0.4274
  batch 320: loss=0.4202
  batch 340: loss=0.4095
  batch 360: loss=0.3995
  batch 380: loss=0.4003
  batch 400: loss=0.3980
  batch 420: loss=0.3962
  batch 440: loss=0.3908
  batch 460: loss=0.3851
  batch 480: loss=0.3794
  batch 500: loss=0.3750
  batch 520: loss=0.3688
  batch 540: loss=0.3659
  batch 560: loss=0.3630
  batch 580: loss=0.3566
  batch 600: loss=0.3513
  batch 620: loss=0.3457
  batch 640: loss=0.3399
  batch 660: loss=0.3330
  batch 680: loss=0.3325
  batch 700: loss=0.3264
  train_loss=0.3264
  val: acc=0.887 auc=0.949 eer=0.104 logloss=0.294 P=0.955 R=0.884 F1=0.918
           pred_real pred_fake
true_real         76         9
true_fake         25       190
  saved new best (AUC=0.9490, logloss=0.294) -> D:\Projects\deepfake-detection\models\streams\xception\best.pt

Epoch 4/8 (fine-tuning end-to-end)
  batch 20: loss=0.2331
  batch 40: loss=0.2000
  batch 60: loss=0.1652
  batch 80: loss=0.1535
  batch 100: loss=0.1547
  batch 120: loss=0.1718
  batch 140: loss=0.1844
  batch 160: loss=0.1720
  batch 180: loss=0.1851
  batch 200: loss=0.1923
  batch 220: loss=0.2107
  batch 240: loss=0.2019
  batch 260: loss=0.2047
  batch 280: loss=0.2021
  batch 300: loss=0.2217
  batch 320: loss=0.2218
  batch 340: loss=0.2344
  batch 360: loss=0.2300
  batch 380: loss=0.2269
  batch 400: loss=0.2171
  batch 420: loss=0.2109
  batch 440: loss=0.2023
  batch 460: loss=0.1952
  batch 480: loss=0.1876
  batch 500: loss=0.1888
  batch 520: loss=0.1966
  batch 540: loss=0.1935
  batch 560: loss=0.1953
  batch 580: loss=0.1893
  batch 600: loss=0.1837
  batch 620: loss=0.1863
  batch 640: loss=0.1863
  batch 660: loss=0.1888
  batch 680: loss=0.1926
  batch 700: loss=0.1874
  train_loss=0.1874
  val: acc=0.933 auc=0.967 eer=0.073 logloss=0.235 P=0.958 R=0.949 F1=0.953
           pred_real pred_fake
true_real         76         9
true_fake         11       204
  saved new best (AUC=0.9668, logloss=0.235) -> D:\Projects\deepfake-detection\models\streams\xception\best.pt

Epoch 5/8 (fine-tuning end-to-end)
  batch 20: loss=0.0435
  batch 40: loss=0.0657
  batch 60: loss=0.0791
  batch 80: loss=0.0684
  batch 100: loss=0.0963
  batch 120: loss=0.0932
  batch 140: loss=0.1061
  batch 160: loss=0.1054
  batch 180: loss=0.0984
  batch 200: loss=0.1028
  batch 220: loss=0.1131
  batch 240: loss=0.1054
  batch 260: loss=0.1168
  batch 280: loss=0.1160
  batch 300: loss=0.1203
  batch 320: loss=0.1238
  batch 340: loss=0.1171
  batch 360: loss=0.1164
  batch 380: loss=0.1212
  batch 400: loss=0.1153
  batch 420: loss=0.1185
  batch 440: loss=0.1136
  batch 460: loss=0.1134
  batch 480: loss=0.1088
  batch 500: loss=0.1046
  batch 520: loss=0.1063
  batch 540: loss=0.1024
  batch 560: loss=0.1056
  batch 580: loss=0.1020
  batch 600: loss=0.1121
  batch 620: loss=0.1085
  batch 640: loss=0.1053
  batch 660: loss=0.1076
  batch 680: loss=0.1044
  batch 700: loss=0.1015
  train_loss=0.1015
  val: acc=0.850 auc=0.981 eer=0.070 logloss=0.747 P=0.994 R=0.795 F1=0.884
           pred_real pred_fake
true_real         84         1
true_fake         44       171
  saved new best (AUC=0.9813, logloss=0.747) -> D:\Projects\deepfake-detection\models\streams\xception\best.pt

Epoch 6/8 (fine-tuning end-to-end)
  batch 20: loss=0.4586
  batch 40: loss=0.2300
  batch 60: loss=0.2276
  batch 80: loss=0.1998
  batch 100: loss=0.2494
  batch 120: loss=0.2342
  batch 140: loss=0.2022
  batch 160: loss=0.1787
  batch 180: loss=0.1687
  batch 200: loss=0.1626
  batch 220: loss=0.1492
  batch 240: loss=0.1370
  batch 260: loss=0.1301
  batch 280: loss=0.1209
  batch 300: loss=0.1140
  batch 320: loss=0.1072
  batch 340: loss=0.1010
  batch 360: loss=0.0955
  batch 380: loss=0.0906
  batch 400: loss=0.0989
  batch 420: loss=0.1055
  batch 440: loss=0.1008
  batch 460: loss=0.1116
  batch 480: loss=0.1071
  batch 500: loss=0.1077
  batch 520: loss=0.1077
  batch 540: loss=0.1136
  batch 560: loss=0.1097
  batch 580: loss=0.1131
  batch 600: loss=0.1133
  batch 620: loss=0.1113
  batch 640: loss=0.1160
  batch 660: loss=0.1140
  batch 680: loss=0.1124
  batch 700: loss=0.1108
  train_loss=0.1108
  val: acc=0.920 auc=0.984 eer=0.066 logloss=0.240 P=0.985 R=0.902 F1=0.942
           pred_real pred_fake
true_real         82         3
true_fake         21       194
  saved new best (AUC=0.9841, logloss=0.240) -> D:\Projects\deepfake-detection\models\streams\xception\best.pt

Epoch 7/8 (fine-tuning end-to-end)
  batch 20: loss=0.0031
  batch 40: loss=0.0026
  batch 60: loss=0.0218
  batch 80: loss=0.0168
  batch 100: loss=0.0369
  batch 120: loss=0.0465
  batch 140: loss=0.0401
  batch 160: loss=0.0353
  batch 180: loss=0.0315
  batch 200: loss=0.0288
  batch 220: loss=0.0652
  batch 240: loss=0.0908
  batch 260: loss=0.0846
  batch 280: loss=0.0827
  batch 300: loss=0.0840
  batch 320: loss=0.0799
  batch 340: loss=0.0753
  batch 360: loss=0.0797
  batch 380: loss=0.0755
  batch 400: loss=0.0748
  batch 420: loss=0.0713
  batch 440: loss=0.0682
  batch 460: loss=0.0652
  batch 480: loss=0.0627
  batch 500: loss=0.0648
  batch 520: loss=0.0623
  batch 540: loss=0.0600
  batch 560: loss=0.0579
  batch 580: loss=0.0561
  batch 600: loss=0.0542
  batch 620: loss=0.0631
  batch 640: loss=0.0612
  batch 660: loss=0.0782
  batch 680: loss=0.0837
  batch 700: loss=0.0844
  train_loss=0.0844
  val: acc=0.940 auc=0.971 eer=0.060 logloss=0.321 P=0.980 R=0.935 F1=0.957
           pred_real pred_fake
true_real         81         4
true_fake         14       201

Epoch 8/8 (fine-tuning end-to-end)
  batch 20: loss=0.1596
  batch 40: loss=0.0801
  batch 60: loss=0.0536
  batch 80: loss=0.0616
  batch 100: loss=0.0716
  batch 120: loss=0.0599
  batch 140: loss=0.0515
  batch 160: loss=0.0452
  batch 180: loss=0.0589
  batch 200: loss=0.0531
  batch 220: loss=0.0484
  batch 240: loss=0.0444
  batch 260: loss=0.0411
  batch 280: loss=0.0381
  batch 300: loss=0.0381
  batch 320: loss=0.0357
  batch 340: loss=0.0547
  batch 360: loss=0.0699
  batch 380: loss=0.0667
  batch 400: loss=0.0671
  batch 420: loss=0.0640
  batch 440: loss=0.0611
  batch 460: loss=0.0584
  batch 480: loss=0.0573
  batch 500: loss=0.0572
  batch 520: loss=0.0570
  batch 540: loss=0.0550
  batch 560: loss=0.0530
  batch 580: loss=0.0512
  batch 600: loss=0.0495
  batch 620: loss=0.0559
  batch 640: loss=0.0541
  batch 660: loss=0.0525
  batch 680: loss=0.0510
  batch 700: loss=0.0526
  train_loss=0.0526
  val: acc=0.947 auc=0.972 eer=0.042 logloss=0.305 P=0.981 R=0.944 F1=0.962
           pred_real pred_fake
true_real         81         4
true_fake         12       203

Done. Best val AUC: 0.984 (logloss 0.240)
=== EXIT 0 Sun, Aug  2, 2026  4:18:11 PM ===
