Device: cuda | stream: xception | backbone: legacy_xception
Train class counts (visual labels): real=373, fake=1027

Epoch 1/8 (FROZEN backbone)
  batch 20: loss=1.2028
  batch 40: loss=1.4108
  batch 60: loss=1.4065
  batch 80: loss=1.2218
  batch 100: loss=1.1350
  batch 120: loss=1.0590
  batch 140: loss=1.0086
  batch 160: loss=0.9670
  batch 180: loss=0.9373
  batch 200: loss=0.9104
  batch 220: loss=0.8899
  batch 240: loss=0.8688
  batch 260: loss=0.8510
  batch 280: loss=0.8384
  batch 300: loss=0.8246
  batch 320: loss=0.8125
  batch 340: loss=0.8017
  batch 360: loss=0.7942
  batch 380: loss=0.7856
  batch 400: loss=0.7801
  batch 420: loss=0.7751
  batch 440: loss=0.7688
  batch 460: loss=0.7599
  batch 480: loss=0.7508
  batch 500: loss=0.7570
  batch 520: loss=0.7527
  batch 540: loss=0.7518
  batch 560: loss=0.7486
  batch 580: loss=0.7411
  batch 600: loss=0.7365
  batch 620: loss=0.7339
  batch 640: loss=0.7285
  batch 660: loss=0.7258
  batch 680: loss=0.7244
  batch 700: loss=0.7193
  train_loss=0.7193
  val: acc=0.633 auc=0.795 eer=0.270 logloss=0.647 P=0.920 R=0.535 F1=0.676
           pred_real pred_fake
true_real         75        10
true_fake        100       115
  saved new best (AUC=0.7949, logloss=0.647) -> D:\Projects\deepfake-detection\models\streams\xception\best.pt

Epoch 2/8 (FROZEN backbone)
  batch 20: loss=0.7263
  batch 40: loss=0.6596
  batch 60: loss=0.6291
  batch 80: loss=0.6325
  batch 100: loss=0.6196
  batch 120: loss=0.6240
  batch 140: loss=0.6165
  batch 160: loss=0.6185
  batch 180: loss=0.6018
  batch 200: loss=0.6040
  batch 220: loss=0.5960
  batch 240: loss=0.5836
  batch 260: loss=0.5792
  batch 280: loss=0.5843
  batch 300: loss=0.5837
  batch 320: loss=0.5791
  batch 340: loss=0.5729
  batch 360: loss=0.5637
  batch 380: loss=0.5644
  batch 400: loss=0.5647
  batch 420: loss=0.5664
  batch 440: loss=0.5578
  batch 460: loss=0.5458
  batch 480: loss=0.5380
  batch 500: loss=0.5410
  batch 520: loss=0.5332
  batch 540: loss=0.5284
  batch 560: loss=0.5376
  batch 580: loss=0.5380
  batch 600: loss=0.5376
  batch 620: loss=0.5416
  batch 640: loss=0.5500
  batch 660: loss=0.5596
  batch 680: loss=0.5554
  batch 700: loss=0.5535
  train_loss=0.5535
  val: acc=0.830 auc=0.864 eer=0.223 logloss=0.413 P=0.873 R=0.893 F1=0.883
           pred_real pred_fake
true_real         57        28
true_fake         23       192
  saved new best (AUC=0.8643, logloss=0.413) -> D:\Projects\deepfake-detection\models\streams\xception\best.pt

Epoch 3/8 (fine-tuning end-to-end)
  batch 20: loss=0.5006
  batch 40: loss=0.5016
  batch 60: loss=0.4993
  batch 80: loss=0.4680
  batch 100: loss=0.4368
  batch 120: loss=0.4320
  batch 140: loss=0.4412
  batch 160: loss=0.4288
  batch 180: loss=0.4246
  batch 200: loss=0.4065
  batch 220: loss=0.4073
  batch 240: loss=0.3925
  batch 260: loss=0.3799
  batch 280: loss=0.3767
  batch 300: loss=0.3594
  batch 320: loss=0.3655
  batch 340: loss=0.3522
  batch 360: loss=0.3448
  batch 380: loss=0.3400
  batch 400: loss=0.3323
  batch 420: loss=0.3282
  batch 440: loss=0.3269
  batch 460: loss=0.3257
  batch 480: loss=0.3208
  batch 500: loss=0.3110
  batch 520: loss=0.3047
  batch 540: loss=0.3052
  batch 560: loss=0.2996
  batch 580: loss=0.3010
  batch 600: loss=0.2925
  batch 620: loss=0.2888
  batch 640: loss=0.2845
  batch 660: loss=0.2877
  batch 680: loss=0.2862
  batch 700: loss=0.2813
  train_loss=0.2813
  val: acc=0.900 auc=0.973 eer=0.094 logloss=0.225 P=0.960 R=0.898 F1=0.928
           pred_real pred_fake
true_real         77         8
true_fake         22       193
  saved new best (AUC=0.9729, logloss=0.225) -> D:\Projects\deepfake-detection\models\streams\xception\best.pt

Epoch 4/8 (fine-tuning end-to-end)
  batch 20: loss=0.2522
  batch 40: loss=0.2409
  batch 60: loss=0.2158
  batch 80: loss=0.1995
  batch 100: loss=0.1934
  batch 120: loss=0.2017
  batch 140: loss=0.1944
  batch 160: loss=0.2052
  batch 180: loss=0.1955
  batch 200: loss=0.1912
  batch 220: loss=0.1793
  batch 240: loss=0.1786
  batch 260: loss=0.1762
  batch 280: loss=0.1823
  batch 300: loss=0.1964
  batch 320: loss=0.1921
  batch 340: loss=0.1883
  batch 360: loss=0.1882
  batch 380: loss=0.1817
  batch 400: loss=0.1751
  batch 420: loss=0.1702
  batch 440: loss=0.1628
  batch 460: loss=0.1560
  batch 480: loss=0.1583
  batch 500: loss=0.1624
  batch 520: loss=0.1576
  batch 540: loss=0.1580
  batch 560: loss=0.1569
  batch 580: loss=0.1575
  batch 600: loss=0.1654
  batch 620: loss=0.1653
  batch 640: loss=0.1718
  batch 660: loss=0.1718
  batch 680: loss=0.1671
  batch 700: loss=0.1709
  train_loss=0.1709
  val: acc=0.937 auc=0.990 eer=0.067 logloss=0.186 P=0.976 R=0.935 F1=0.955
           pred_real pred_fake
true_real         80         5
true_fake         14       201
  saved new best (AUC=0.9897, logloss=0.186) -> D:\Projects\deepfake-detection\models\streams\xception\best.pt

Epoch 5/8 (fine-tuning end-to-end)
  batch 20: loss=0.0880
  batch 40: loss=0.1153
  batch 60: loss=0.0785
  batch 80: loss=0.0607
  batch 100: loss=0.0777
  batch 120: loss=0.0688
  batch 140: loss=0.0604
  batch 160: loss=0.0642
  batch 180: loss=0.0628
  batch 200: loss=0.0727
  batch 220: loss=0.0764
  batch 240: loss=0.0701
  batch 260: loss=0.0754
  batch 280: loss=0.0864
  batch 300: loss=0.1039
  batch 320: loss=0.1198
  batch 340: loss=0.1322
  batch 360: loss=0.1293
  batch 380: loss=0.1226
  batch 400: loss=0.1166
  batch 420: loss=0.1314
  batch 440: loss=0.1321
  batch 460: loss=0.1271
  batch 480: loss=0.1269
  batch 500: loss=0.1224
  batch 520: loss=0.1179
  batch 540: loss=0.1182
  batch 560: loss=0.1194
  batch 580: loss=0.1162
  batch 600: loss=0.1158
  batch 620: loss=0.1172
  batch 640: loss=0.1164
  batch 660: loss=0.1306
  batch 680: loss=0.1315
  batch 700: loss=0.1313
  train_loss=0.1313
  val: acc=0.953 auc=0.991 eer=0.044 logloss=0.186 P=0.972 R=0.963 F1=0.967
           pred_real pred_fake
true_real         79         6
true_fake          8       207
  saved new best (AUC=0.9914, logloss=0.186) -> D:\Projects\deepfake-detection\models\streams\xception\best.pt

Epoch 6/8 (fine-tuning end-to-end)
  batch 20: loss=0.0011
  batch 40: loss=0.0009
  batch 60: loss=0.0014
  batch 80: loss=0.0013
  batch 100: loss=0.0012
  batch 120: loss=0.0018
  batch 140: loss=0.0278
  batch 160: loss=0.0581
  batch 180: loss=0.0526
  batch 200: loss=0.0474
  batch 220: loss=0.0432
  batch 240: loss=0.0648
  batch 260: loss=0.0682
  batch 280: loss=0.0805
  batch 300: loss=0.0753
  batch 320: loss=0.0808
  batch 340: loss=0.0913
  batch 360: loss=0.0942
  batch 380: loss=0.0913
  batch 400: loss=0.0946
  batch 420: loss=0.0902
  batch 440: loss=0.0868
  batch 460: loss=0.0831
  batch 480: loss=0.0799
  batch 500: loss=0.0794
  batch 520: loss=0.0817
  batch 540: loss=0.0806
  batch 560: loss=0.0811
  batch 580: loss=0.0792
  batch 600: loss=0.0766
  batch 620: loss=0.0884
  batch 640: loss=0.0938
  batch 660: loss=0.0916
  batch 680: loss=0.0891
  batch 700: loss=0.0870
  train_loss=0.0870
  val: acc=0.967 auc=0.993 eer=0.049 logloss=0.182 P=0.960 R=0.995 F1=0.977
           pred_real pred_fake
true_real         76         9
true_fake          1       214
  saved new best (AUC=0.9935, logloss=0.182) -> D:\Projects\deepfake-detection\models\streams\xception\best.pt

Epoch 7/8 (fine-tuning end-to-end)
  batch 20: loss=0.0759
  batch 40: loss=0.0466
  batch 60: loss=0.0326
  batch 80: loss=0.0246
  batch 100: loss=0.0556
  batch 120: loss=0.1000
  batch 140: loss=0.0858
  batch 160: loss=0.0752
  batch 180: loss=0.0669
  batch 200: loss=0.0602
  batch 220: loss=0.0548
  batch 240: loss=0.0503
  batch 260: loss=0.0581
  batch 280: loss=0.0554
  batch 300: loss=0.0517
  batch 320: loss=0.0485
  batch 340: loss=0.0458
  batch 360: loss=0.0433
  batch 380: loss=0.0417
  batch 400: loss=0.0396
  batch 420: loss=0.0378
  batch 440: loss=0.0361
  batch 460: loss=0.0348
  batch 480: loss=0.0334
  batch 500: loss=0.0321
  batch 520: loss=0.0309
  batch 540: loss=0.0297
  batch 560: loss=0.0287
  batch 580: loss=0.0355
  batch 600: loss=0.0343
  batch 620: loss=0.0332
  batch 640: loss=0.0346
  batch 660: loss=0.0352
  batch 680: loss=0.0343
  batch 700: loss=0.0346
  train_loss=0.0346
  val: acc=0.970 auc=0.994 eer=0.036 logloss=0.186 P=0.964 R=0.995 F1=0.979
           pred_real pred_fake
true_real         77         8
true_fake          1       214

Epoch 8/8 (fine-tuning end-to-end)
  batch 20: loss=0.0004
  batch 40: loss=0.0125
  batch 60: loss=0.0754
  batch 80: loss=0.0566
  batch 100: loss=0.0906
  batch 120: loss=0.0756
  batch 140: loss=0.0650
  batch 160: loss=0.0572
  batch 180: loss=0.0550
  batch 200: loss=0.0589
  batch 220: loss=0.0537
  batch 240: loss=0.0494
  batch 260: loss=0.0457
  batch 280: loss=0.0425
  batch 300: loss=0.0518
  batch 320: loss=0.0486
  batch 340: loss=0.0458
  batch 360: loss=0.0549
  batch 380: loss=0.0521
  batch 400: loss=0.0495
  batch 420: loss=0.0472
  batch 440: loss=0.0509
  batch 460: loss=0.0539
  batch 480: loss=0.0518
  batch 500: loss=0.0498
  batch 520: loss=0.0479
  batch 540: loss=0.0523
  batch 560: loss=0.0504
  batch 580: loss=0.0487
  batch 600: loss=0.0471
  batch 620: loss=0.0456
  batch 640: loss=0.0442
  batch 660: loss=0.0429
  batch 680: loss=0.0416
  batch 700: loss=0.0405
  train_loss=0.0405
  val: acc=0.977 auc=0.994 eer=0.036 logloss=0.152 P=0.973 R=0.995 F1=0.984
           pred_real pred_fake
true_real         79         6
true_fake          1       214
  saved new best (better calibrated at tied AUC, logloss=0.152) -> D:\Projects\deepfake-detection\models\streams\xception\best.pt

Done. Best val AUC: 0.994 (logloss 0.152)
